// Jest Snapshot v1, https://goo.gl/fbAQLP

exports[`<LoginForm /> renders without crashing 1`] = `ShallowWrapper {}`;
