// Jest Snapshot v1, https://goo.gl/fbAQLP

exports[`<AdminTagForm /> renders without crashing 1`] = `ShallowWrapper {}`;
