// Jest Snapshot v1, https://goo.gl/fbAQLP

exports[`<AdminTags /> renders without crashing 1`] = `ShallowWrapper {}`;
