// Jest Snapshot v1, https://goo.gl/fbAQLP

exports[`<RegistrationForm /> renders without crashing 1`] = `ShallowWrapper {}`;
