// Jest Snapshot v1, https://goo.gl/fbAQLP

exports[`<TableFilters /> renders without crashing 1`] = `ShallowWrapper {}`;
