// Jest Snapshot v1, https://goo.gl/fbAQLP

exports[`<HeaderBar /> renders without crashing 1`] = `ShallowWrapper {}`;
