// Jest Snapshot v1, https://goo.gl/fbAQLP

exports[`<GamePage /> renders without crashing 1`] = `ShallowWrapper {}`;
