// Jest Snapshot v1, https://goo.gl/fbAQLP

exports[`<Users /> renders without crashing 1`] = `ShallowWrapper {}`;
