// Jest Snapshot v1, https://goo.gl/fbAQLP

exports[`<Account /> renders without crashing 1`] = `ShallowWrapper {}`;
