// Jest Snapshot v1, https://goo.gl/fbAQLP

exports[`<EditAccount /> renders without crashing 1`] = `ShallowWrapper {}`;
