// Jest Snapshot v1, https://goo.gl/fbAQLP

exports[`<StatusIndicator /> renders without crashing 1`] = `ShallowWrapper {}`;
