// Jest Snapshot v1, https://goo.gl/fbAQLP

exports[`<Games /> renders without crashing 1`] = `ShallowWrapper {}`;
