// Jest Snapshot v1, https://goo.gl/fbAQLP

exports[`<GamesSearchForm /> renders without crashing 1`] = `ShallowWrapper {}`;
